time=2026-09-22T03:49:13.766589+00:00 event=bot_started mode=LIVE network=MAINNET total_pairs=6 interval=15m okx_spot=1 okx_futures=0 realized_pnl_loaded=-0.03657677
time=2026-09-22T03:49:18.557425+00:00 event=foreign_position_adopted symbol=DOGE-USDT-SWAP exchange=OKX market_type=FUTURES side=LONG entry=0.09983 qty=20.0 sl=0.09833255 tp=0.1028249
time=2026-09-22T03:49:19.268923+00:00 event=signal_generated symbol=DOGE-USDT-SWAP exchange=OKX signal=BUY price=0.1003
time=2026-09-22T03:49:19.824835+00:00 event=foreign_position_adopted symbol=IOST-USDT-SWAP exchange=OKX market_type=FUTURES side=LONG entry=0.0009024 qty=2000.0 sl=0.000888864 tp=0.000929472
time=2026-09-22T03:49:21.120276+00:00 event=foreign_position_adopted symbol=HMSTR-USDT-SWAP exchange=OKX market_type=FUTURES side=LONG entry=0.0001784 qty=13500.0 sl=0.000175724 tp=0.000183752
time=2026-09-22T03:49:21.397225+00:00 event=signal_generated symbol=HMSTR-USDT-SWAP exchange=OKX signal=BUY price=0.0001783
time=2026-09-22T04:00:01.441885+00:00 event=breakeven_triggered symbol=DOGE-USDT-SWAP side=LONG old_sl=0.09833255 new_sl=0.10033 profit_r=1.4024
time=2026-09-22T04:00:01.568406+00:00 event=signal_generated symbol=DOGE-USDT-SWAP exchange=OKX signal=BUY price=0.10193
time=2026-09-22T04:00:02.560231+00:00 event=signal_generated symbol=IOST-USDT-SWAP exchange=OKX signal=BUY price=0.0008971
time=2026-09-22T04:00:03.475225+00:00 event=signal_generated symbol=HMSTR-USDT-SWAP exchange=OKX signal=BUY price=0.000178
time=2026-09-22T04:00:44.617511+00:00 event=pair_removed symbol=MUBARAK-USDT-SWAP source=dashboard
time=2026-09-22T04:01:15.144095+00:00 event=pair_removed symbol=PEPE-USDT-SWAP source=dashboard
time=2026-09-22T04:05:23.523149+00:00 event=pair_added symbol=MUBARAK-USDT-SWAP exchange=OKX market_type=FUTURES source=scanner score=66.87
time=2026-09-22T04:05:25.192241+00:00 event=pair_added symbol=SHIB-USDT-SWAP exchange=OKX market_type=FUTURES source=scanner score=48.09
time=2026-09-22T04:05:26.081759+00:00 event=signal_generated symbol=MUBARAK-USDT-SWAP exchange=OKX signal=BUY price=0.047061
time=2026-09-22T04:05:33.692368+00:00 event=signal_generated symbol=SHIB-USDT-SWAP exchange=OKX signal=BUY price=6.091e-06
time=2026-09-22T04:05:34.282750+00:00 event=position_opened symbol=SHIB-USDT-SWAP exchange=OKX market_type=FUTURES side=LONG entry=6.168e-06 sl=5.892958118e-06 tp=6.487083764e-06 qty=379251.57776818296 tp_levels=4 dry_run=False
time=2026-09-22T04:05:36.487443+00:00 event=position_quantity_synced symbol=SHIB-USDT-SWAP exchange=OKX market_type=FUTURES old_qty=379251.57776818296 new_qty=300000.0
time=2026-09-22T04:15:03.341002+00:00 event=signal_generated symbol=SHIB-USDT-SWAP exchange=OKX signal=BUY price=6.212e-06
time=2026-09-22T04:15:09.382388+00:00 event=signal_generated symbol=DOGE-USDT-SWAP exchange=OKX signal=BUY price=0.10478
time=2026-09-22T04:15:10.547409+00:00 event=signal_generated symbol=HMSTR-USDT-SWAP exchange=OKX signal=BUY price=0.0001785
time=2026-09-22T04:30:02.249877+00:00 event=signal_generated symbol=DOGE-USDT-SWAP exchange=OKX signal=BUY price=0.10378
time=2026-09-22T04:30:03.255608+00:00 event=signal_generated symbol=HMSTR-USDT-SWAP exchange=OKX signal=BUY price=0.0001793
time=2026-09-22T04:30:04.230580+00:00 event=signal_generated symbol=SHIB-USDT-SWAP exchange=OKX signal=BUY price=6.18e-06
time=2026-09-22T04:35:53.927176+00:00 event=pair_removed symbol=MUBARAK-USDT-SWAP source=dashboard
time=2026-09-22T04:45:07.088881+00:00 event=signal_generated symbol=DOGE-USDT-SWAP exchange=OKX signal=BUY price=0.10174
time=2026-09-22T04:45:08.049929+00:00 event=signal_generated symbol=HMSTR-USDT-SWAP exchange=OKX signal=BUY price=0.0001789
time=2026-09-22T04:45:08.514637+00:00 event=signal_generated symbol=SHIB-USDT-SWAP exchange=OKX signal=BUY price=6.107e-06
time=2026-09-22T04:51:05.020694+00:00 event=pair_added symbol=BONK-USDT-SWAP exchange=OKX market_type=FUTURES source=scanner score=67.12
time=2026-09-22T04:51:07.733087+00:00 event=signal_generated symbol=BONK-USDT-SWAP exchange=OKX signal=BUY price=3.579e-06
time=2026-09-22T04:51:08.345644+00:00 event=position_opened symbol=BONK-USDT-SWAP exchange=OKX market_type=FUTURES side=LONG entry=3.564e-06 sl=3.410577912e-06 tp=3.915844176e-06 qty=613090.2654892436 tp_levels=4 dry_run=False
time=2026-09-22T04:51:10.336361+00:00 event=position_quantity_synced symbol=BONK-USDT-SWAP exchange=OKX market_type=FUTURES old_qty=613090.2654892436 new_qty=600000.0
time=2026-09-22T05:00:05.952676+00:00 event=position_closed symbol=DOGE-USDT-SWAP exchange=OKX market_type=FUTURES side=LONG reason=RESHUFFLE_STALL entry=0.09983 exit=0.09994 qty=20.0 pnl_quote=0.0002023 pnl_pct=0.0101 dry_run=False
time=2026-09-22T05:00:07.096232+00:00 event=pair_removed symbol=DOGE-USDT-SWAP source=dashboard
time=2026-09-22T05:00:09.003840+00:00 event=position_closed symbol=IOST-USDT-SWAP exchange=OKX market_type=FUTURES side=LONG reason=RESHUFFLE_STALL entry=0.0009024 exit=0.0009036 qty=2000.0 pnl_quote=0.000594 pnl_pct=0.0329 dry_run=False
time=2026-09-22T05:00:10.200255+00:00 event=pair_removed symbol=IOST-USDT-SWAP source=dashboard
time=2026-09-22T05:00:12.679947+00:00 event=signal_generated symbol=BONK-USDT-SWAP exchange=OKX signal=BUY price=3.499e-06
time=2026-09-22T05:06:10.229392+00:00 event=pair_added symbol=MEME-USDT-SWAP exchange=OKX market_type=FUTURES source=scanner score=32.24
time=2026-09-22T05:06:11.835851+00:00 event=pair_added symbol=PUMP-USDT-SWAP exchange=OKX market_type=FUTURES source=scanner score=28.28
time=2026-09-22T05:06:15.125300+00:00 event=signal_generated symbol=MEME-USDT-SWAP exchange=OKX signal=BUY price=0.0006242
time=2026-09-22T05:06:15.691600+00:00 event=position_opened symbol=MEME-USDT-SWAP exchange=OKX market_type=FUTURES side=LONG entry=0.0006241 sl=0.0006125016313 tp=0.0006475967374 qty=3627.2774514354414 tp_levels=4 dry_run=False
time=2026-09-22T05:06:17.391598+00:00 event=signal_generated symbol=PUMP-USDT-SWAP exchange=OKX signal=BUY price=0.004491
time=2026-09-22T05:15:03.169863+00:00 event=signal_generated symbol=PUMP-USDT-SWAP exchange=OKX signal=BUY price=0.00449
time=2026-09-22T05:15:10.394073+00:00 event=signal_generated symbol=BONK-USDT-SWAP exchange=OKX signal=BUY price=3.508e-06
time=2026-09-22T05:15:11.007397+00:00 event=signal_generated symbol=MEME-USDT-SWAP exchange=OKX signal=BUY price=0.0006215
time=2026-09-22T05:26:15.851626+00:00 event=foreign_position_adopted symbol=AEON-USDT-SWAP exchange=OKX market_type=FUTURES side=LONG entry=0.0597366666666667 qty=210.0 sl=0.05884061667 tp=0.06152876666 new_pair=True
time=2026-09-22T05:26:21.251189+00:00 event=breakeven_triggered symbol=AEON-USDT-SWAP side=LONG old_sl=0.05884061667 new_sl=0.06023666667 profit_r=1.3095
time=2026-09-22T05:26:21.561521+00:00 event=signal_generated symbol=AEON-USDT-SWAP exchange=OKX signal=BUY price=0.06091
time=2026-09-22T05:30:07.321789+00:00 event=signal_generated symbol=BONK-USDT-SWAP exchange=OKX signal=BUY price=3.516e-06
time=2026-09-22T05:30:08.245862+00:00 event=signal_generated symbol=PUMP-USDT-SWAP exchange=OKX signal=BUY price=0.004456
time=2026-09-22T05:30:09.063636+00:00 event=signal_generated symbol=AEON-USDT-SWAP exchange=OKX signal=BUY price=0.06028
time=2026-09-22T05:36:18.613523+00:00 event=pair_removed symbol=PUMP-USDT-SWAP source=dashboard
time=2026-09-22T05:41:27.347669+00:00 event=phantom_position_cleared symbol=AEON-USDT-SWAP exchange=OKX market_type=FUTURES side=LONG qty=210.0 entry=0.0597366666666667
time=2026-09-22T05:45:04.400884+00:00 event=signal_generated symbol=HMSTR-USDT-SWAP exchange=OKX signal=BUY price=0.0001778
time=2026-09-22T05:45:05.384698+00:00 event=signal_generated symbol=BONK-USDT-SWAP exchange=OKX signal=BUY price=3.536e-06
time=2026-09-22T05:45:06.353188+00:00 event=signal_generated symbol=AEON-USDT-SWAP exchange=OKX signal=BUY price=0.06125
time=2026-09-22T05:45:06.858983+00:00 event=position_opened symbol=AEON-USDT-SWAP exchange=OKX market_type=FUTURES side=LONG entry=0.06122 sl=0.05815215892 tp=0.06744568216 qty=36.335672492832664 tp_levels=4 dry_run=False
time=2026-09-22T05:45:31.253686+00:00 event=position_quantity_synced symbol=AEON-USDT-SWAP exchange=OKX market_type=FUTURES old_qty=36.335672492832664 new_qty=30.0
time=2026-09-22T06:00:05.677600+00:00 event=position_closed symbol=HMSTR-USDT-SWAP exchange=OKX market_type=FUTURES side=LONG reason=RESHUFFLE_STALL entry=0.0001784 exit=0.0001788 qty=13500.0 pnl_quote=0.0029889 pnl_pct=0.1241 dry_run=False
time=2026-09-22T06:00:06.809175+00:00 event=pair_removed symbol=HMSTR-USDT-SWAP source=dashboard
time=2026-09-22T06:00:08.411120+00:00 event=signal_generated symbol=SHIB-USDT-SWAP exchange=OKX signal=BUY price=6.049e-06
time=2026-09-22T06:00:09.110569+00:00 event=position_closed symbol=BONK-USDT-SWAP exchange=OKX market_type=FUTURES side=LONG reason=RESHUFFLE_STALL entry=3.564e-06 exit=3.646e-06 qty=600000.0 pnl_quote=0.047037 pnl_pct=2.1996 dry_run=False
time=2026-09-22T06:00:10.191605+00:00 event=pair_removed symbol=BONK-USDT-SWAP source=dashboard
time=2026-09-22T06:00:11.770438+00:00 event=signal_generated symbol=MEME-USDT-SWAP exchange=OKX signal=BUY price=0.000624
time=2026-09-22T06:00:12.274380+00:00 event=signal_generated symbol=AEON-USDT-SWAP exchange=OKX signal=BUY price=0.06094
time=2026-09-22T06:06:27.661873+00:00 event=bot_started mode=LIVE network=MAINNET total_pairs=4 interval=15m okx_spot=1 okx_futures=0 realized_pnl_loaded=0.01424543
time=2026-09-22T06:06:31.536992+00:00 event=foreign_position_adopted symbol=SHIB-USDT-SWAP exchange=OKX market_type=FUTURES side=LONG entry=6.168e-06 qty=300000.0 sl=6.07548e-06 tp=6.35304e-06
time=2026-09-22T06:06:32.319907+00:00 event=position_closed symbol=SHIB-USDT-SWAP exchange=OKX market_type=FUTURES side=LONG reason=STOP_LOSS entry=6.168e-06 exit=6.049e-06 qty=300000.0 pnl_quote=-0.03753255 pnl_pct=-2.0283 dry_run=False
time=2026-09-22T06:06:32.779289+00:00 event=foreign_position_adopted symbol=MEME-USDT-SWAP exchange=OKX market_type=FUTURES side=LONG entry=0.0006241 qty=3600.0 sl=0.0006147385 tp=0.000642823
time=2026-09-22T06:06:33.499793+00:00 event=pair_removed symbol=SHIB-USDT-SWAP source=dashboard
time=2026-09-22T06:06:33.946872+00:00 event=foreign_position_adopted symbol=AEON-USDT-SWAP exchange=OKX market_type=FUTURES side=LONG entry=0.06122 qty=30.0 sl=0.0603017 tp=0.0630566
time=2026-09-22T06:06:35.061588+00:00 event=signal_generated symbol=MEME-USDT-SWAP exchange=OKX signal=BUY price=0.000624
time=2026-09-22T06:06:35.319004+00:00 event=foreign_position_adopted symbol=SHIB-USDT-SWAP exchange=OKX market_type=FUTURES side=LONG entry=6.168e-06 qty=300000.0 sl=6.07548e-06 tp=6.35304e-06 new_pair=True
time=2026-09-22T06:06:35.570774+00:00 event=signal_generated symbol=AEON-USDT-SWAP exchange=OKX signal=BUY price=0.06094
time=2026-09-22T06:07:06.742350+00:00 event=phantom_position_cleared symbol=SHIB-USDT-SWAP exchange=OKX market_type=FUTURES side=LONG qty=300000.0 entry=6.168e-06
time=2026-09-22T06:07:32.972110+00:00 event=pair_added symbol=BONK-USDT-SWAP exchange=OKX market_type=FUTURES source=scanner score=75.81
time=2026-09-22T06:07:34.619402+00:00 event=pair_added symbol=PENGU-USDT-SWAP exchange=OKX market_type=FUTURES source=scanner score=43.59
time=2026-09-22T06:07:40.282331+00:00 event=signal_generated symbol=BONK-USDT-SWAP exchange=OKX signal=BUY price=3.646e-06
time=2026-09-22T06:07:40.899104+00:00 event=position_opened symbol=BONK-USDT-SWAP exchange=OKX market_type=FUTURES side=LONG entry=3.618e-06 sl=3.425965631e-06 tp=4.086068738e-06 qty=676797.4551387824 tp_levels=4 dry_run=False
time=2026-09-22T06:07:42.487745+00:00 event=signal_generated symbol=PENGU-USDT-SWAP exchange=OKX signal=BUY price=0.009078
time=2026-09-22T06:07:43.064228+00:00 event=position_opened symbol=PENGU-USDT-SWAP exchange=OKX market_type=FUTURES side=LONG entry=0.009097 sl=0.00874057121 tp=0.00975285758 qty=259.8228873580085 tp_levels=4 dry_run=False
time=2026-09-22T06:08:08.587615+00:00 event=position_quantity_synced symbol=BONK-USDT-SWAP exchange=OKX market_type=FUTURES old_qty=676797.4551387824 new_qty=600000.0
time=2026-09-22T06:08:08.650123+00:00 event=position_quantity_synced symbol=PENGU-USDT-SWAP exchange=OKX market_type=FUTURES old_qty=259.8228873580085 new_qty=200.0
time=2026-09-22T06:10:04.325738+00:00 event=bot_started mode=LIVE network=MAINNET total_pairs=6 interval=15m okx_spot=1 okx_futures=0 realized_pnl_loaded=-0.02328712
time=2026-09-22T06:10:09.565336+00:00 event=foreign_position_adopted symbol=MEME-USDT-SWAP exchange=OKX market_type=FUTURES side=LONG entry=0.0006241 qty=3600.0 sl=0.0006147385 tp=0.000642823
time=2026-09-22T06:10:10.133826+00:00 event=signal_generated symbol=MEME-USDT-SWAP exchange=OKX signal=BUY price=0.000624
time=2026-09-22T06:10:10.971567+00:00 event=signal_generated symbol=AEON-USDT-SWAP exchange=OKX signal=BUY price=0.06094
time=2026-09-22T06:10:11.222961+00:00 event=foreign_position_adopted symbol=AEON-USDT-SWAP exchange=OKX market_type=FUTURES side=LONG entry=0.06122 qty=30.0 sl=0.0603017 tp=0.0630566
time=2026-09-22T06:10:11.639195+00:00 event=signal_generated symbol=SHIB-USDT-SWAP exchange=OKX signal=BUY price=6.049e-06
time=2026-09-22T06:10:12.276630+00:00 event=position_opened symbol=SHIB-USDT-SWAP exchange=OKX market_type=FUTURES side=LONG entry=6.016e-06 sl=5.875386369e-06 tp=6.396227262e-06 qty=376154.52908513823 tp_levels=4 dry_run=False
time=2026-09-22T06:10:12.528201+00:00 event=phantom_position_cleared symbol=SHIB-USDT-SWAP exchange=OKX market_type=FUTURES side=LONG qty=376154.52908513823 entry=6.016e-06
time=2026-09-22T06:10:13.783162+00:00 event=foreign_position_adopted symbol=BONK-USDT-SWAP exchange=OKX market_type=FUTURES side=LONG entry=3.618e-06 qty=600000.0 sl=3.56373e-06 tp=3.72654e-06
time=2026-09-22T06:10:13.994453+00:00 event=signal_generated symbol=BONK-USDT-SWAP exchange=OKX signal=BUY price=3.646e-06
time=2026-09-22T06:10:14.555461+00:00 event=signal_generated symbol=PENGU-USDT-SWAP exchange=OKX signal=BUY price=0.009078
time=2026-09-22T06:10:15.012527+00:00 event=position_quantity_synced symbol=PENGU-USDT-SWAP exchange=OKX market_type=FUTURES old_qty=240.65445543467735 new_qty=200.0
time=2026-09-22T06:10:15.047264+00:00 event=position_opened symbol=PENGU-USDT-SWAP exchange=OKX market_type=FUTURES side=LONG entry=0.0091125 sl=0.008736989577 tp=0.009760020846 qty=240.65445543467735 tp_levels=4 dry_run=False
time=2026-09-22T06:10:45.544647+00:00 event=foreign_position_adopted symbol=SHIB-USDT-SWAP exchange=OKX market_type=FUTURES side=LONG entry=6.016e-06 qty=300000.0 sl=5.92576e-06 tp=6.19648e-06
time=2026-09-22T06:10:46.795539+00:00 event=position_quantity_synced symbol=PENGU-USDT-SWAP exchange=OKX market_type=FUTURES old_qty=200.0 new_qty=400.0
time=2026-09-22T06:15:03.581369+00:00 event=signal_generated symbol=AEON-USDT-SWAP exchange=OKX signal=BUY price=0.06125
time=2026-09-22T06:15:04.611963+00:00 event=signal_generated symbol=BONK-USDT-SWAP exchange=OKX signal=BUY price=3.64e-06
time=2026-09-22T06:15:05.172630+00:00 event=signal_generated symbol=PENGU-USDT-SWAP exchange=OKX signal=BUY price=0.009097
time=2026-09-22T06:15:11.111641+00:00 event=signal_generated symbol=MEME-USDT-SWAP exchange=OKX signal=BUY price=0.0006216
time=2026-09-22T06:30:07.322619+00:00 event=signal_generated symbol=AEON-USDT-SWAP exchange=OKX signal=BUY price=0.06121
time=2026-09-22T06:30:08.831583+00:00 event=signal_generated symbol=PENGU-USDT-SWAP exchange=OKX signal=BUY price=0.009022
